.next/types/app/dashboard/rekap-keseluruhan/page.ts(2,24): error TS2306: File 'C:/web-store/web-store-backup/frontend/app/dashboard/rekap-keseluruhan/page.tsx' is not a module.
.next/types/app/dashboard/rekap-keseluruhan/page.ts(5,29): error TS2306: File 'C:/web-store/web-store-backup/frontend/app/dashboard/rekap-keseluruhan/page.tsx' is not a module.
.next/types/validator.ts(141,39): error TS2306: File 'C:/web-store/web-store-backup/frontend/app/dashboard/rekap-keseluruhan/page.tsx' is not a module.
app/bkb/input/page.tsx(448,9): error TS2339: Property 'items' does not exist on type 'BTBData'.
app/bkb/input/page.tsx(448,36): error TS2339: Property 'items' does not exist on type 'BTBData'.
app/bkb/input/page.tsx(448,50): error TS2339: Property 'items' does not exist on type 'BTBData'.
app/bkb/input/page.tsx(449,13): error TS2339: Property 'items' does not exist on type 'BTBData'.
app/bkb/input/page.tsx(457,28): error TS2339: Property 'sisa' does not exist on type 'BTBData'.
app/bkb/input/page.tsx(461,25): error TS2339: Property 'sisa' does not exist on type 'BTBData'.
app/bkb/input/page.tsx(660,12): error TS2393: Duplicate function implementation.
app/bkb/input/page.tsx(787,12): error TS2393: Duplicate function implementation.
app/bkb/input/page.tsx(1106,19): error TS2322: Type '(date: Date) => "datepicker-red" | undefined' is not assignable to type '(date: Date) => string'.
  Type 'string | undefined' is not assignable to type 'string'.
    Type 'undefined' is not assignable to type 'string'.
app/bkb/input/page.tsx(1636,42): error TS7006: Parameter 'x' implicitly has an 'any' type.
app/btb/input/page.tsx(253,25): error TS2339: Property 'qtySisa' does not exist on type 'PRItem & { hargaSatuan: number; jumlahPO: number; jumlahAsli: number; }'.
app/btb/input/page.tsx(256,27): error TS2551: Property 'id_satuan' does not exist on type 'PRItem & { hargaSatuan: number; jumlahPO: number; jumlahAsli: number; }'. Did you mean 'satuan'?
app/btb/input/page.tsx(666,11): error TS2353: Object literal may only specify known properties, and 'skema' does not exist in type 'BTBData'.
app/btb/input/page.tsx(690,12): error TS2393: Duplicate function implementation.
app/btb/input/page.tsx(798,16): error TS7006: Parameter 'p' implicitly has an 'any' type.
app/btb/input/page.tsx(1124,27): error TS7006: Parameter 'poItem' implicitly has an 'any' type.
app/btb/input/page.tsx(1124,35): error TS7006: Parameter 'i' implicitly has an 'any' type.
app/btb/input/page.tsx(1125,31): error TS7006: Parameter 'item' implicitly has an 'any' type.
app/btb/input/page.tsx(1125,37): error TS7006: Parameter 'j' implicitly has an 'any' type.
app/btb/input/page.tsx(1165,25): error TS2551: Property 'estimasiTanggalTerima' does not exist on type 'POData'. Did you mean 'estimasiTanggalDiterima'?
app/btb/input/page.tsx(1217,12): error TS2393: Duplicate function implementation.
app/btb/input/page.tsx(1266,26): error TS7006: Parameter 'poItem' implicitly has an 'any' type.
app/btb/input/page.tsx(1267,30): error TS7006: Parameter 'item' implicitly has an 'any' type.
app/btb/input/page.tsx(1277,26): error TS7006: Parameter 'poItem' implicitly has an 'any' type.
app/btb/input/page.tsx(1278,30): error TS7006: Parameter 'item' implicitly has an 'any' type.
app/btb/input/page.tsx(1283,26): error TS7006: Parameter 'poItem' implicitly has an 'any' type.
app/btb/input/page.tsx(1284,30): error TS7006: Parameter 'item' implicitly has an 'any' type.
app/btb/input/page.tsx(2209,97): error TS7006: Parameter 'key' implicitly has an 'any' type.
app/btb/input/page.tsx(2210,69): error TS7006: Parameter 'key' implicitly has an 'any' type.
app/btb/input/page.tsx(2425,25): error TS2322: Type '(date: Date) => "datepicker-red" | undefined' is not assignable to type '(date: Date) => string'.
  Type 'string | undefined' is not assignable to type 'string'.
    Type 'undefined' is not assignable to type 'string'.
app/dashboard/rekap-full/page.tsx(582,69): error TS2552: Cannot find name 'poItem'. Did you mean 'poItems'?
app/dashboard/rekap-full/page.tsx(582,94): error TS2552: Cannot find name 'poItem'. Did you mean 'poItems'?
app/dashboard/rekap-full/page.tsx(1130,34): error TS7006: Parameter 'item' implicitly has an 'any' type.
app/dashboard/rekap-full/page.tsx(1130,40): error TS7006: Parameter 'poItem' implicitly has an 'any' type.
app/divisi/monitoring-stok/page.tsx(603,73): error TS2552: Cannot find name 'poItem'. Did you mean 'poItems'?
app/divisi/monitoring-stok/page.tsx(603,98): error TS2552: Cannot find name 'poItem'. Did you mean 'poItems'?
app/divisi/rekap-full/page.tsx(603,73): error TS2552: Cannot find name 'poItem'. Did you mean 'poItems'?
app/divisi/rekap-full/page.tsx(603,98): error TS2552: Cannot find name 'poItem'. Did you mean 'poItems'?
app/maintenance/admin/page.tsx(212,67): error TS2322: Type '"xs"' is not assignable to type '"default" | "sm" | "lg" | "icon" | null | undefined'.
app/maintenance/admin/page.tsx(213,67): error TS2322: Type '"xs"' is not assignable to type '"default" | "sm" | "lg" | "icon" | null | undefined'.
app/maintenance/admin/page.tsx(214,67): error TS2322: Type '"xs"' is not assignable to type '"default" | "sm" | "lg" | "icon" | null | undefined'.
app/maintenance/broadcast/page.tsx(142,67): error TS2322: Type '"xs"' is not assignable to type '"default" | "sm" | "lg" | "icon" | null | undefined'.
app/maintenance/broadcast/page.tsx(143,67): error TS2322: Type '"xs"' is not assignable to type '"default" | "sm" | "lg" | "icon" | null | undefined'.
app/po/input/page.tsx(1240,27): error TS2345: Argument of type '{ noPO: any; tanggalPO: Date | null; supplier: string; estimasiTanggalDiterima: Date | null; diskon: any; ppn: any; statusPengiriman: string; skema: any; namaPembeli: string; termin: string; }' is not assignable to parameter of type 'SetStateAction<{ noPO: string; tanggalPO: Date | null; supplier: string; estimasiTanggalDiterima: Date | null; diskon: string; ppn: string; statusPengiriman: string; skema: string; namaPembeli: string; termin: string; is_ppn_included: boolean; }>'.
  Property 'is_ppn_included' is missing in type '{ noPO: any; tanggalPO: Date | null; supplier: string; estimasiTanggalDiterima: Date | null; diskon: any; ppn: any; statusPengiriman: string; skema: any; namaPembeli: string; termin: string; }' but required in type '{ noPO: string; tanggalPO: Date | null; supplier: string; estimasiTanggalDiterima: Date | null; diskon: string; ppn: string; statusPengiriman: string; skema: string; namaPembeli: string; termin: string; is_ppn_included: boolean; }'.
app/po/status/page.tsx(202,18): error TS7006: Parameter 'item' implicitly has an 'any' type.
app/po/status/page.tsx(203,15): error TS7006: Parameter 'item' implicitly has an 'any' type.
app/po/status/page.tsx(248,44): error TS7006: Parameter 'item' implicitly has an 'any' type.
app/po/status/page.tsx(250,14): error TS7006: Parameter 'poIt' implicitly has an 'any' type.
app/po/status/page.tsx(261,12): error TS7006: Parameter 'item' implicitly has an 'any' type.
app/po/status/page.tsx(451,41): error TS7006: Parameter 'item' implicitly has an 'any' type.
app/po/status/page.tsx(459,51): error TS7006: Parameter 'item' implicitly has an 'any' type.
app/po/status/page.tsx(484,14): error TS7006: Parameter 'item' implicitly has an 'any' type.
app/po/status/page.tsx(494,12): error TS7006: Parameter 'item' implicitly has an 'any' type.
app/po/status/page.tsx(503,25): error TS7006: Parameter 'item' implicitly has an 'any' type.
app/po/status/page.tsx(507,25): error TS7006: Parameter 'item' implicitly has an 'any' type.
app/po/status/page.tsx(512,12): error TS7006: Parameter 'item' implicitly has an 'any' type.
app/po/status/page.tsx(1549,43): error TS7006: Parameter 'item' implicitly has an 'any' type.
app/po/status/page.tsx(1555,47): error TS7006: Parameter 'item' implicitly has an 'any' type.
app/po/status/page.tsx(1555,53): error TS7006: Parameter 'idx' implicitly has an 'any' type.
app/po/status/page.tsx(1569,77): error TS7006: Parameter 'it' implicitly has an 'any' type.
app/pr/status/page.tsx(125,7): error TS18048: 'pr.keterangan' is possibly 'undefined'.
components/ui/chart.tsx(109,3): error TS2339: Property 'payload' does not exist on type 'Omit<Props<ValueType, NameType>, PropertiesReadFromContext> & { active?: boolean | undefined; includeHidden?: boolean | undefined; ... 17 more ...; axisId?: AxisId | undefined; } & ClassAttributes<...> & HTMLAttributes<...> & { ...; }'.
components/ui/chart.tsx(114,3): error TS2339: Property 'label' does not exist on type 'Omit<Props<ValueType, NameType>, PropertiesReadFromContext> & { active?: boolean | undefined; includeHidden?: boolean | undefined; ... 17 more ...; axisId?: AxisId | undefined; } & ClassAttributes<...> & HTMLAttributes<...> & { ...; }'.
components/ui/chart.tsx(182,23): error TS7006: Parameter 'item' implicitly has an 'any' type.
components/ui/chart.tsx(182,29): error TS7006: Parameter 'index' implicitly has an 'any' type.
components/ui/chart.tsx(260,39): error TS2344: Type '"verticalAlign" | "payload"' does not satisfy the constraint '"string" | "style" | "clipPath" | "filter" | "mask" | "path" | "key" | "type" | "suppressHydrationWarning" | "className" | "id" | "lang" | "tabIndex" | "role" | "content" | "color" | ... 427 more ... | "portal"'.
  Type '"payload"' is not assignable to type '"string" | "style" | "clipPath" | "filter" | "mask" | "path" | "key" | "type" | "suppressHydrationWarning" | "className" | "id" | "lang" | "tabIndex" | "role" | "content" | "color" | ... 427 more ... | "portal"'.
components/ui/chart.tsx(266,17): error TS2339: Property 'length' does not exist on type '{}'.
components/ui/chart.tsx(278,16): error TS2339: Property 'map' does not exist on type '{}'.
components/ui/chart.tsx(278,21): error TS7006: Parameter 'item' implicitly has an 'any' type.
